implementation_sha=8749a34384fd3a861477f911279ed59965676dca
implementation_tree_sha=564e5027e2378a7ccbf1a7863dde2394720e2eb2
command=docker buildx build --platform linux/amd64 --target controller --tag antinat:p18-controller --load .

#0 building with "default" instance using docker driver

#1 [internal] load build definition from Dockerfile
#1 transferring dockerfile: 3.13kB done
#1 DONE 0.0s

#2 resolve image config for docker-image://docker.io/docker/dockerfile:1.7
#2 DONE 0.3s

#3 docker-image://docker.io/docker/dockerfile:1.7@sha256:a57df69d0ea827fb7266491f2813635de6f17269be881f696fbfdf2d83dda33e
#3 resolve docker.io/docker/dockerfile:1.7@sha256:a57df69d0ea827fb7266491f2813635de6f17269be881f696fbfdf2d83dda33e done
#3 CACHED

#4 [internal] load metadata for docker.io/library/golang:1.26-bookworm
#4 DONE 0.3s

#5 [internal] load metadata for docker.io/library/alpine:3.22
#5 DONE 0.3s

#6 [internal] load .dockerignore
#6 transferring context: 2B done
#6 DONE 0.0s

#7 [runtime 1/9] FROM docker.io/library/alpine:3.22@sha256:14358309a308569c32bdc37e2e0e9694be33a9d99e68afb0f5ff33cc1f695dce
#7 resolve docker.io/library/alpine:3.22@sha256:14358309a308569c32bdc37e2e0e9694be33a9d99e68afb0f5ff33cc1f695dce 0.0s done
#7 DONE 0.0s

#8 [build 1/8] FROM docker.io/library/golang:1.26-bookworm@sha256:9fdc884aacc3bec89b20ffc69f4bb369c78210e3e4f600387b5128b12c199f81
#8 resolve docker.io/library/golang:1.26-bookworm@sha256:9fdc884aacc3bec89b20ffc69f4bb369c78210e3e4f600387b5128b12c199f81 0.0s done
#8 DONE 0.0s

#9 [internal] load build context
#9 transferring context: 83.34kB 0.0s done
#9 DONE 0.0s

#10 [build 2/8] WORKDIR /src
#10 CACHED

#11 [build 3/8] COPY go.mod go.sum ./
#11 CACHED

#12 [build 4/8] RUN GOWORK=off go mod download
#12 CACHED

#13 [build 5/8] COPY . .
#13 DONE 0.1s

#14 [build 6/8] RUN CGO_ENABLED=0 GOOS=linux GOARCH=amd64 GOWORK=off     go build -trimpath -ldflags "-s -w -X github.com/gxbrave/AntiNAT/internal/buildinfo.Version=dev -X github.com/gxbrave/AntiNAT/internal/buildinfo.Commit=unknown -X github.com/gxbrave/AntiNAT/internal/buildinfo.Date=unknown"     -o /out/antinat-agent ./cmd/antinat-agent
#14 DONE 5.1s

#15 [build 7/8] RUN CGO_ENABLED=0 GOOS=linux GOARCH=amd64 GOWORK=off     go build -trimpath -ldflags "-s -w -X github.com/gxbrave/AntiNAT/internal/buildinfo.Version=dev -X github.com/gxbrave/AntiNAT/internal/buildinfo.Commit=unknown -X github.com/gxbrave/AntiNAT/internal/buildinfo.Date=unknown"     -o /out/antinat-controller ./cmd/antinat-controller
#15 DONE 6.1s

#16 [build 8/8] RUN CGO_ENABLED=0 GOOS=linux GOARCH=amd64 GOWORK=off     go build -trimpath -ldflags "-s -w -X github.com/gxbrave/AntiNAT/internal/buildinfo.Version=dev -X github.com/gxbrave/AntiNAT/internal/buildinfo.Commit=unknown -X github.com/gxbrave/AntiNAT/internal/buildinfo.Date=unknown"     -o /out/antinat-hook-runner ./cmd/antinat-hook-runner
#16 DONE 0.3s

#17 [runtime 3/9] COPY --from=build /out/antinat-agent /opt/antinat/bin/antinat-agent
#17 CACHED

#18 [runtime 5/9] COPY --from=build /out/antinat-hook-runner /opt/antinat/bin/antinat-hook-runner
#18 CACHED

#19 [runtime 2/9] RUN addgroup -S -g 65532 antinat && adduser -S -D -H -u 65532 -G antinat antinat     && mkdir -p /var/lib/antinat /var/log/antinat     && chown -R 65532:65532 /var/lib/antinat /var/log/antinat
#19 CACHED

#20 [runtime 4/9] COPY --from=build /out/antinat-controller /opt/antinat/bin/antinat-controller
#20 CACHED

#21 [runtime 6/9] COPY docker/healthcheck-agent.sh /opt/antinat/bin/healthcheck-agent
#21 CACHED

#22 [runtime 7/9] COPY docker/stage-enrollment.sh /opt/antinat/bin/stage-enrollment
#22 CACHED

#23 [runtime 8/9] RUN chmod 0755 /opt/antinat/bin/*
#23 CACHED

#24 [runtime 9/9] WORKDIR /var/lib/antinat
#24 CACHED

#25 exporting to image
#25 exporting layers done
#25 exporting manifest sha256:96f09d90f5d5e604e32e5d131d5c317c59b8c7ac5ed1dc6b10db5ace1406ce06 done
#25 exporting config sha256:ef5992bad9299dc199c8ee3228b69aa9eb2d76b3510dffdae25885a874ccd512 done
#25 exporting attestation manifest sha256:3c4e7fd48df3a9674a41600061c86b76aee014ddb5c3aa3727df24c1fd37acc4 0.0s done
#25 exporting manifest list sha256:042b7329c4e6076978eaec40152624130735dd15ed2e3e2276bf71bc9903320e done
#25 naming to docker.io/library/antinat:p18-controller done
#25 unpacking to docker.io/library/antinat:p18-controller done
#25 DONE 0.0s

exit_code=0
